Archive member included to satisfy reference by file (symbol)

c:/program files (x86)/gnu tools arm embedded/5.4 2016q3/bin/../lib/gcc/arm-none-eabi/5.4.1/armv6-m\libgcc.a(_udivsi3.o)
                              ..\obj\DrvADC.o (__aeabi_uidiv)
c:/program files (x86)/gnu tools arm embedded/5.4 2016q3/bin/../lib/gcc/arm-none-eabi/5.4.1/armv6-m\libgcc.a(_dvmd_tls.o)
                              c:/program files (x86)/gnu tools arm embedded/5.4 2016q3/bin/../lib/gcc/arm-none-eabi/5.4.1/armv6-m\libgcc.a(_udivsi3.o) (__aeabi_idiv0)
c:/program files (x86)/gnu tools arm embedded/5.4 2016q3/bin/../lib/gcc/arm-none-eabi/5.4.1/armv6-m\libgcc.a(divsf3.o)
                              ..\obj\main.o (__aeabi_fdiv)
c:/program files (x86)/gnu tools arm embedded/5.4 2016q3/bin/../lib/gcc/arm-none-eabi/5.4.1/armv6-m\libgcc.a(mulsf3.o)
                              ..\obj\main.o (__aeabi_fmul)
c:/program files (x86)/gnu tools arm embedded/5.4 2016q3/bin/../lib/gcc/arm-none-eabi/5.4.1/armv6-m\libgcc.a(fixsfsi.o)
                              ..\obj\main.o (__aeabi_f2iz)
c:/program files (x86)/gnu tools arm embedded/5.4 2016q3/bin/../lib/gcc/arm-none-eabi/5.4.1/armv6-m\libgcc.a(floatunsisf.o)
                              ..\obj\main.o (__aeabi_ui2f)
c:/program files (x86)/gnu tools arm embedded/5.4 2016q3/bin/../lib/gcc/arm-none-eabi/5.4.1/armv6-m\libgcc.a(_clzsi2.o)
                              c:/program files (x86)/gnu tools arm embedded/5.4 2016q3/bin/../lib/gcc/arm-none-eabi/5.4.1/armv6-m\libgcc.a(divsf3.o) (__clzsi2)
c:/program files (x86)/gnu tools arm embedded/5.4 2016q3/bin/../lib/gcc/arm-none-eabi/5.4.1/../../../../arm-none-eabi/lib/armv6-m\libg.a(lib_a-memcpy-stub.o)
                              ..\obj\DrvADC.o (memcpy)

Allocating common symbols
Common symbol       size              file

vaultTarget         0x4               ..\obj\main.o
tegangan            0x4               ..\obj\main.o
seqGuess            0x10              ..\obj\main.o
temp                0x4               ..\obj\main.o
i                   0x4               ..\obj\main.o
adc                 0x4               ..\obj\main.o
seqTarget           0x10              ..\obj\main.o

Discarded input sections

 .data          0x00000000        0x0 ..\obj\Init.o
 .bss           0x00000000        0x0 ..\obj\Init.o
 .data          0x00000000        0x0 ..\obj\ScanKey.o
 .bss           0x00000000        0x0 ..\obj\ScanKey.o
 .data          0x00000000        0x0 ..\obj\DrvADC.o
 .data          0x00000000        0x0 ..\obj\DrvSYS.o
 .data          0x00000000        0x0 ..\obj\startup_NUC1xx.o
 .bss           0x00000000        0x0 ..\obj\startup_NUC1xx.o
 .text          0x00000000        0x0 ..\obj\Ascii_Table.o
 .bss           0x00000000        0x0 ..\obj\Ascii_Table.o
 .bss           0x00000000        0x0 ..\obj\Seven_Segment.o
 .bss           0x00000000        0x0 ..\obj\LCD_Driver.o
 .bss           0x00000000        0x0 ..\obj\system_NUC1xx.o
 .data          0x00000000        0x0 ..\obj\DrvGPIO.o
 .text          0x00000000      0x104 ..\obj\core_cm0.o
 .data          0x00000000        0x0 ..\obj\core_cm0.o
 .bss           0x00000000        0x0 ..\obj\core_cm0.o
 .debug_info    0x00000000      0x2a3 ..\obj\core_cm0.o
 .debug_abbrev  0x00000000       0xa3 ..\obj\core_cm0.o
 .debug_aranges
                0x00000000       0x20 ..\obj\core_cm0.o
 .debug_line    0x00000000      0x171 ..\obj\core_cm0.o
 .debug_str     0x00000000      0x220 ..\obj\core_cm0.o
 .comment       0x00000000       0x6f ..\obj\core_cm0.o
 .debug_frame   0x00000000      0x130 ..\obj\core_cm0.o
 .ARM.attributes
                0x00000000       0x31 ..\obj\core_cm0.o
 .data          0x00000000        0x0 c:/program files (x86)/gnu tools arm embedded/5.4 2016q3/bin/../lib/gcc/arm-none-eabi/5.4.1/armv6-m\libgcc.a(_udivsi3.o)
 .bss           0x00000000        0x0 c:/program files (x86)/gnu tools arm embedded/5.4 2016q3/bin/../lib/gcc/arm-none-eabi/5.4.1/armv6-m\libgcc.a(_udivsi3.o)
 .data          0x00000000        0x0 c:/program files (x86)/gnu tools arm embedded/5.4 2016q3/bin/../lib/gcc/arm-none-eabi/5.4.1/armv6-m\libgcc.a(_dvmd_tls.o)
 .bss           0x00000000        0x0 c:/program files (x86)/gnu tools arm embedded/5.4 2016q3/bin/../lib/gcc/arm-none-eabi/5.4.1/armv6-m\libgcc.a(_dvmd_tls.o)
 .data          0x00000000        0x0 c:/program files (x86)/gnu tools arm embedded/5.4 2016q3/bin/../lib/gcc/arm-none-eabi/5.4.1/armv6-m\libgcc.a(divsf3.o)
 .bss           0x00000000        0x0 c:/program files (x86)/gnu tools arm embedded/5.4 2016q3/bin/../lib/gcc/arm-none-eabi/5.4.1/armv6-m\libgcc.a(divsf3.o)
 .data          0x00000000        0x0 c:/program files (x86)/gnu tools arm embedded/5.4 2016q3/bin/../lib/gcc/arm-none-eabi/5.4.1/armv6-m\libgcc.a(mulsf3.o)
 .bss           0x00000000        0x0 c:/program files (x86)/gnu tools arm embedded/5.4 2016q3/bin/../lib/gcc/arm-none-eabi/5.4.1/armv6-m\libgcc.a(mulsf3.o)
 .data          0x00000000        0x0 c:/program files (x86)/gnu tools arm embedded/5.4 2016q3/bin/../lib/gcc/arm-none-eabi/5.4.1/armv6-m\libgcc.a(fixsfsi.o)
 .bss           0x00000000        0x0 c:/program files (x86)/gnu tools arm embedded/5.4 2016q3/bin/../lib/gcc/arm-none-eabi/5.4.1/armv6-m\libgcc.a(fixsfsi.o)
 .data          0x00000000        0x0 c:/program files (x86)/gnu tools arm embedded/5.4 2016q3/bin/../lib/gcc/arm-none-eabi/5.4.1/armv6-m\libgcc.a(floatunsisf.o)
 .bss           0x00000000        0x0 c:/program files (x86)/gnu tools arm embedded/5.4 2016q3/bin/../lib/gcc/arm-none-eabi/5.4.1/armv6-m\libgcc.a(floatunsisf.o)
 .data          0x00000000        0x0 c:/program files (x86)/gnu tools arm embedded/5.4 2016q3/bin/../lib/gcc/arm-none-eabi/5.4.1/armv6-m\libgcc.a(_clzsi2.o)
 .bss           0x00000000        0x0 c:/program files (x86)/gnu tools arm embedded/5.4 2016q3/bin/../lib/gcc/arm-none-eabi/5.4.1/armv6-m\libgcc.a(_clzsi2.o)
 .text          0x00000000        0x0 c:/program files (x86)/gnu tools arm embedded/5.4 2016q3/bin/../lib/gcc/arm-none-eabi/5.4.1/../../../../arm-none-eabi/lib/armv6-m\libg.a(lib_a-memcpy-stub.o)
 .data          0x00000000        0x0 c:/program files (x86)/gnu tools arm embedded/5.4 2016q3/bin/../lib/gcc/arm-none-eabi/5.4.1/../../../../arm-none-eabi/lib/armv6-m\libg.a(lib_a-memcpy-stub.o)
 .bss           0x00000000        0x0 c:/program files (x86)/gnu tools arm embedded/5.4 2016q3/bin/../lib/gcc/arm-none-eabi/5.4.1/../../../../arm-none-eabi/lib/armv6-m\libg.a(lib_a-memcpy-stub.o)

Memory Configuration

Name             Origin             Length             Attributes
rom              0x00000000         0x00020000         xr
ram              0x20000000         0x00004000         xrw
*default*        0x00000000         0xffffffff

Linker script and memory map

                0x20004000                _eram = 0x20004000

.text           0x00000000     0x54fc
 *(.isr_vector)
 .isr_vector    0x00000000       0xc0 ..\obj\startup_NUC1xx.o
                0x00000000                g_pfnVectors
 *(.text*)
 .text          0x000000c0      0x190 ..\obj\Init.o
                0x000000c0                GPIOE_Init
                0x0000011c                GPIOB_Init
                0x00000130                GPIOA_Init
                0x00000194                GPIOD_Init
                0x000001a8                GPIOC_Init
                0x00000204                ADC_Init
                0x0000022c                Init
 .text          0x00000250      0x170 ..\obj\ScanKey.o
                0x00000250                delay
                0x00000278                OpenKeyPad
                0x000002b0                CloseKeyPad
                0x000002e4                Scankey
 .text          0x000003c0      0xbfc ..\obj\DrvADC.o
                0x000004f8                DrvADC_Open
                0x00000608                DrvADC_Close
                0x0000066c                DrvADC_SetADCChannel
                0x00000698                DrvADC_ConfigADCChannel7
                0x000006f4                DrvADC_SetADCInputMode
                0x00000730                DrvADC_SetADCOperationMode
                0x00000780                DrvADC_SetADCClkSrc
                0x000007b4                DrvADC_SetADCDivisor
                0x000007e8                DrvADC_EnableADCInt
                0x00000840                DrvADC_DisableADCInt
                0x00000858                DrvADC_EnableADCCmp0Int
                0x000008b0                DrvADC_DisableADCCmp0Int
                0x000008c8                DrvADC_EnableADCCmp1Int
                0x00000920                DrvADC_DisableADCCmp1Int
                0x00000938                ADC_IRQHandler
                0x000009f0                DrvADC_GetConversionRate
                0x00000ab8                DrvADC_EnableExtTrigger
                0x00000b20                DrvADC_DisableExtTrigger
                0x00000b3c                DrvADC_StartConvert
                0x00000b6c                DrvADC_StopConvert
                0x00000b88                DrvADC_IsConversionDone
                0x00000bac                DrvADC_GetConversionData
                0x00000c30                DrvADC_EnablePDMA
                0x00000c54                DrvADC_DisablePDMA
                0x00000c70                DrvADC_IsDataValid
                0x00000cd0                DrvADC_IsDataOverrun
                0x00000d30                DrvADC_EnableADCCmp0
                0x00000e14                DrvADC_DisableADCCmp0
                0x00000e2c                DrvADC_EnableADCCmp1
                0x00000f10                DrvADC_DisableADCCmp1
                0x00000f28                DrvADC_EnableSelfCalibration
                0x00000f40                DrvADC_IsCalibrationDone
                0x00000f64                DrvADC_DisableSelfCalibration
                0x00000f7c                DrvADC_DiffModeOutputFormat
                0x00000fac                DrvADC_GetVersion
 .text          0x00000fbc     0x1058 ..\obj\DrvSYS.o
                0x000010f4                DrvSYS_GetVersion
                0x00001104                DrvSYS_ReadProductID
                0x00001114                DrvSYS_UnlockProtectedReg
                0x00001168                DrvSYS_LockProtectedReg
                0x000011a4                DrvSYS_IsProtectedRegLocked
                0x000011c0                DrvSYS_GetResetSource
                0x000011d4                DrvSYS_ClearResetSource
                0x000011f0                DrvSYS_ResetIP
                0x0000127c                DrvSYS_ResetCPU
                0x00001294                DrvSYS_ResetChip
                0x000012ac                DrvSYS_SelectBODVolt
                0x000012e0                DrvSYS_SetBODFunction
                0x00001360                DrvSYS_EnableBODLowPowerMode
                0x00001378                DrvSYS_DisableBODLowPowerMode
                0x00001390                DrvSYS_GetBODState
                0x000013a8                DrvSYS_EnableLowVoltReset
                0x000013c0                DrvSYS_DisableLowVoltReset
                0x000013d8                DrvSYS_EnableTemperatureSensor
                0x000013f0                DrvSYS_DisableTemperatureSensor
                0x00001408                DrvSYS_EnablePOR
                0x0000141c                DrvSYS_DisablePOR
                0x00001434                BOD_IRQHandler
                0x0000145c                DrvSYS_SetIPClock
                0x0000152c                DrvSYS_SelectHCLKSource
                0x00001584                DrvSYS_SelectSysTickSource
                0x000015dc                DrvSYS_SelectIPClockSource
                0x000017b4                DrvSYS_SetClockDivider
                0x0000187c                DrvSYS_SetOscCtrl
                0x00001938                PWRWU_IRQHandler
                0x00001964                DrvSYS_SetPowerDownWakeUpInt
                0x000019f0                DrvSYS_EnterPowerDown
                0x00001a3c                DrvSYS_SelectPLLSource
                0x00001a74                DrvSYS_SetPLLMode
                0x00001acc                DrvSYS_GetExtClockFreq
                0x00001adc                DrvSYS_GetPLLContent
                0x00001be4                DrvSYS_SetPLLContent
                0x00001c5c                DrvSYS_GetPLLClockFreq
                0x00001d00                DrvSYS_GetHCLKFreq
                0x00001d94                DrvSYS_Open
                0x00001e80                DrvSYS_SetFreqDividerOutput
                0x00001ef4                DrvSYS_EnableHighPerformanceMode
                0x00001f0c                DrvSYS_DisableHighPerformanceMode
                0x00001f24                DrvSYS_Delay
                0x00001f64                DrvSYS_GetChipClockSourceStatus
                0x00001fe4                DrvSYS_GetClockSwitchStatus
                0x00001ffc                DrvSYS_ClearClockSwitchStatus
 .text          0x00002014       0x6c ..\obj\startup_NUC1xx.o
                0x00002014                Reset_Handler
                0x00002014                Default_Reset_Handler
                0x00002078                HardFault_Handler
                0x00002078                SysTick_Handler
                0x00002078                PendSV_Handler
                0x00002078                NMI_Handler
                0x00002078                I2C1_IRQHandler
                0x00002078                UART1_IRQHandler
                0x00002078                PS2_IRQHandler
                0x00002078                I2C0_IRQHandler
                0x00002078                UsageFault_Handler
                0x00002078                SPI1_IRQHandler
                0x00002078                TMR0_IRQHandler
                0x00002078                ACMP_IRQHandler
                0x00002078                I2S_IRQHandler
                0x00002078                RTC_IRQHandler
                0x00002078                DebugMon_Handler
                0x00002078                PWMA_IRQHandler
                0x00002078                USBD_IRQHandler
                0x00002078                TMR2_IRQHandler
                0x00002078                SPI2_IRQHandler
                0x00002078                UART02_IRQHandler
                0x00002078                MemManage_Handler
                0x00002078                WDT_IRQHandler
                0x00002078                SVC_Handler
                0x00002078                PDMA_IRQHandler
                0x00002078                CAN0_IRQHandler
                0x00002078                TMR3_IRQHandler
                0x00002078                SPI0_IRQHandler
                0x00002078                BusFault_Handler
                0x00002078                SPI3_IRQHandler
                0x00002078                PWMB_IRQHandler
                0x00002078                TMR1_IRQHandler
 .text          0x00002080       0xc0 ..\obj\Seven_Segment.o
                0x00002080                show_seven_segment
                0x00002114                close_seven_segment
 .text          0x00002140      0x500 ..\obj\LCD_Driver.o
                0x00002140                SysTimerDelay
                0x00002178                Initial_pannel
                0x00002348                WriteData
                0x000023ac                SetPACA
                0x000024b0                Disable_Buzzer
                0x000024cc                Show_Word
                0x000025b8                print_lcd
                0x00002600                clr_all_pannal
 .text          0x00002640       0xf4 ..\obj\system_NUC1xx.o
                0x00002640                SystemCoreClockUpdate
                0x00002728                SystemInit
 .text          0x00002734     0x130c ..\obj\DrvGPIO.o
                0x0000286c                GPAB_IRQHandler
                0x000028c0                GPCDE_IRQHandler
                0x00002918                EINT0_IRQHandler
                0x00002940                EINT1_IRQHandler
                0x00002968                DrvGPIO_Open
                0x00002a3c                DrvGPIO_Close
                0x00002a9c                DrvGPIO_SetBit
                0x00002aec                DrvGPIO_GetBit
                0x00002b38                DrvGPIO_ClrBit
                0x00002b8c                DrvGPIO_SetPortBits
                0x00002bbc                DrvGPIO_GetPortBits
                0x00002be8                DrvGPIO_GetDoutBit
                0x00002c30                DrvGPIO_GetPortDoutBits
                0x00002c68                DrvGPIO_SetBitMask
                0x00002ca4                DrvGPIO_GetBitMask
                0x00002cdc                DrvGPIO_ClrBitMask
                0x00002d1c                DrvGPIO_SetPortMask
                0x00002d58                DrvGPIO_GetPortMask
                0x00002d80                DrvGPIO_ClrPortMask
                0x00002dc0                DrvGPIO_EnableDigitalInputBit
                0x00002e00                DrvGPIO_DisableDigitalInputBit
                0x00002e40                DrvGPIO_EnableDebounce
                0x00002e8c                DrvGPIO_DisableDebounce
                0x00002ed8                DrvGPIO_SetDebounceTime
                0x00002f3c                DrvGPIO_GetDebounceSampleCycle
                0x00002f54                DrvGPIO_EnableInt
                0x000030bc                DrvGPIO_DisableInt
                0x00003138                DrvGPIO_SetIntCallback
                0x00003160                DrvGPIO_EnableEINT0
                0x00003230                DrvGPIO_DisableEINT0
                0x0000325c                DrvGPIO_EnableEINT1
                0x0000332c                DrvGPIO_DisableEINT1
                0x00003358                DrvGPIO_GetIntStatus
                0x00003384                DrvGPIO_InitFunction
                0x00003a30                DrvGPIO_GetVersion
 .text          0x00003a40      0xedc ..\obj\main.o
                0x00003a40                delayM
                0x00003a78                duar
                0x00003b58                vaultOpening
                0x00003c68                vaultGuess
                0x00003ddc                vaultOpen
                0x00003e40                vaultMain
                0x00003f68                sequenceOpening
                0x00004008                sequenceFilter
                0x000040b8                sequenceShow
                0x0000414c                sequenceGuess
                0x000041f8                sequenceCheck
                0x000042b8                sequenceMain
                0x000042d8                rgb
                0x00004374                printWarna
                0x0000443c                wireOpening
                0x000044d8                wireFilter
                0x000045b8                wireFlash
                0x00004640                select
                0x000046b0                wireSelect
                0x00004808                wireWin
                0x00004850                wireMain
                0x000048e4                main
 .text          0x0000491c      0x114 c:/program files (x86)/gnu tools arm embedded/5.4 2016q3/bin/../lib/gcc/arm-none-eabi/5.4.1/armv6-m\libgcc.a(_udivsi3.o)
                0x0000491c                __aeabi_uidiv
                0x0000491c                __udivsi3
                0x00004a28                __aeabi_uidivmod
 .text          0x00004a30        0x4 c:/program files (x86)/gnu tools arm embedded/5.4 2016q3/bin/../lib/gcc/arm-none-eabi/5.4.1/armv6-m\libgcc.a(_dvmd_tls.o)
                0x00004a30                __aeabi_idiv0
                0x00004a30                __aeabi_ldiv0
 .text          0x00004a34      0x234 c:/program files (x86)/gnu tools arm embedded/5.4 2016q3/bin/../lib/gcc/arm-none-eabi/5.4.1/armv6-m\libgcc.a(divsf3.o)
                0x00004a34                __aeabi_fdiv
 .text          0x00004c68      0x228 c:/program files (x86)/gnu tools arm embedded/5.4 2016q3/bin/../lib/gcc/arm-none-eabi/5.4.1/armv6-m\libgcc.a(mulsf3.o)
                0x00004c68                __aeabi_fmul
 .text          0x00004e90       0x44 c:/program files (x86)/gnu tools arm embedded/5.4 2016q3/bin/../lib/gcc/arm-none-eabi/5.4.1/armv6-m\libgcc.a(fixsfsi.o)
                0x00004e90                __aeabi_f2iz
 .text          0x00004ed4       0x7c c:/program files (x86)/gnu tools arm embedded/5.4 2016q3/bin/../lib/gcc/arm-none-eabi/5.4.1/armv6-m\libgcc.a(floatunsisf.o)
                0x00004ed4                __aeabi_ui2f
 .text          0x00004f50       0x3c c:/program files (x86)/gnu tools arm embedded/5.4 2016q3/bin/../lib/gcc/arm-none-eabi/5.4.1/armv6-m\libgcc.a(_clzsi2.o)
                0x00004f50                __clzsi2
 .text.memcpy   0x00004f8c       0x7c c:/program files (x86)/gnu tools arm embedded/5.4 2016q3/bin/../lib/gcc/arm-none-eabi/5.4.1/../../../../arm-none-eabi/lib/armv6-m\libg.a(lib_a-memcpy-stub.o)
                0x00004f8c                memcpy
 *(.init)
 *(.fini)
 *crtbegin.o(.ctors)
 *crtbegin?.o(.ctors)
 *(EXCLUDE_FILE(*crtend.o *crtend?.o) .ctors)
 *(SORT(.ctors.*))
 *(.ctors)
 *crtbegin.o(.dtors)
 *crtbegin?.o(.dtors)
 *(EXCLUDE_FILE(*crtend.o *crtend?.o) .dtors)
 *(SORT(.dtors.*))
 *(.dtors)
 *(.rodata*)
 .rodata        0x00005008        0x8 ..\obj\DrvADC.o
 .rodata        0x00005010       0x58 ..\obj\DrvSYS.o
 .rodata        0x00005068       0xf8 ..\obj\DrvGPIO.o
 .rodata        0x00005160      0x2dc ..\obj\main.o
 .rodata        0x0000543c       0x80 c:/program files (x86)/gnu tools arm embedded/5.4 2016q3/bin/../lib/gcc/arm-none-eabi/5.4.1/armv6-m\libgcc.a(divsf3.o)
 .rodata        0x000054bc       0x40 c:/program files (x86)/gnu tools arm embedded/5.4 2016q3/bin/../lib/gcc/arm-none-eabi/5.4.1/armv6-m\libgcc.a(mulsf3.o)
 *(.eh_fram e*)

.glue_7         0x000054fc        0x0
 .glue_7        0x000054fc        0x0 linker stubs

.glue_7t        0x000054fc        0x0
 .glue_7t       0x000054fc        0x0 linker stubs

.vfp11_veneer   0x000054fc        0x0
 .vfp11_veneer  0x000054fc        0x0 linker stubs

.v4_bx          0x000054fc        0x0
 .v4_bx         0x000054fc        0x0 linker stubs

.iplt           0x000054fc        0x0
 .iplt          0x000054fc        0x0 ..\obj\Init.o

.rel.dyn        0x000054fc        0x0
 .rel.iplt      0x000054fc        0x0 ..\obj\Init.o

.ARM.extab
 *(.ARM.extab* .gnu.linkonce.armextab.*)
                0x000054fc                __exidx_start = .

.ARM.exidx
 *(.ARM.exidx* .gnu.linkonce.armexidx.*)
                0x000054fc                __exidx_end = .
                0x000054fc                __etext = .
                0x000054fc                _sidata = __etext

.data           0x20000000      0x630 load address 0x000054fc
                0x20000000                __data_start__ = .
                0x20000000                _sdata = __data_start__
 *(vtable)
 *(.data*)
 .data          0x20000000      0x5f0 ..\obj\Ascii_Table.o
                0x20000000                Ascii
 .data          0x200005f0        0xa ..\obj\Seven_Segment.o
                0x200005f0                SEG_BUF
 *fill*         0x200005fa        0x2 
 .data          0x200005fc       0x10 ..\obj\LCD_Driver.o
                0x200005fc                SPI_PORT
 .data          0x2000060c       0x1c ..\obj\system_NUC1xx.o
                0x2000060c                SystemCoreClock
                0x20000610                CyclesPerUs
                0x20000614                gau32ClkSrcTbl
 .data          0x20000628        0x8 ..\obj\main.o
                0x20000628                seqSevSeg
                0x2000062c                wireNumber
                0x20000630                . = ALIGN (0x4)
                [!provide]                PROVIDE (__preinit_array_start, .)
 *(.preinit_array)
                [!provide]                PROVIDE (__preinit_array_end, .)
                0x20000630                . = ALIGN (0x4)
                [!provide]                PROVIDE (__init_array_start, .)
 *(SORT(.init_array.*))
 *(.init_array)
                [!provide]                PROVIDE (__init_array_end, .)
                0x20000630                . = ALIGN (0x4)
                [!provide]                PROVIDE (__fini_array_start, .)
 *(SORT(.fini_array.*))
 *(.fini_array)
                [!provide]                PROVIDE (__fini_array_end, .)
 *(.jcr*)
                0x20000630                . = ALIGN (0x4)
                0x20000630                __data_end__ = .
                0x20000630                _edata = __data_end__

.igot.plt       0x20000630        0x0 load address 0x00005b2c
 .igot.plt      0x20000630        0x0 ..\obj\Init.o

.bss            0x20000630       0x80 load address 0x00005b2c
                0x20000630                . = ALIGN (0x4)
                0x20000630                __bss_start__ = .
                0x20000630                _sbss = __bss_start__
 *(.bss*)
 .bss           0x20000630       0x18 ..\obj\DrvADC.o
 .bss           0x20000648        0x8 ..\obj\DrvSYS.o
 .bss           0x20000650       0x10 ..\obj\DrvGPIO.o
 .bss           0x20000660       0x1c ..\obj\main.o
                0x20000660                vaultScore
                0x20000664                sequenceRand
                0x20000668                seqGuessing
                0x2000066c                seqFail
                0x20000670                wireRand
                0x20000674                wireTarget
                0x20000678                wireGuess
 *(COMMON)
 COMMON         0x2000067c       0x34 ..\obj\main.o
                0x2000067c                vaultTarget
                0x20000680                tegangan
                0x20000684                seqGuess
                0x20000694                temp
                0x20000698                i
                0x2000069c                adc
                0x200006a0                seqTarget
                0x200006b0                . = ALIGN (0x4)
                0x200006b0                __bss_end__ = .
                0x200006b0                _ebss = __bss_end__

.heap           0x200006b0        0x0
                0x200006b0                __end__ = .
                0x200006b0                _end = __end__
                0x200006b0                end = __end__
 *(.heap*)
                0x200006b0                __HeapLimit = .

.co_stack       0x200006b0      0x400 load address 0x00005bac
                0x200006b0                . = ALIGN (0x8)
 *(.co_stack .co_stack.*)
 .co_stack      0x200006b0      0x400 ..\obj\startup_NUC1xx.o
                0x200006b0                pulStack
                0x20004000                __StackTop = (ORIGIN (ram) + LENGTH (ram))
                0x20003c00                __StackLimit = (__StackTop - SIZEOF (.co_stack))
                [!provide]                PROVIDE (__stack, __StackTop)
                0x00000001                ASSERT ((__StackLimit >= __HeapLimit), region ram  overflowed with stack)
LOAD ..\obj\Init.o
LOAD ..\obj\ScanKey.o
LOAD ..\obj\DrvADC.o
LOAD ..\obj\DrvSYS.o
LOAD ..\obj\startup_NUC1xx.o
LOAD ..\obj\Ascii_Table.o
LOAD ..\obj\Seven_Segment.o
LOAD ..\obj\LCD_Driver.o
LOAD ..\obj\system_NUC1xx.o
LOAD ..\obj\DrvGPIO.o
LOAD ..\obj\main.o
LOAD ..\obj\core_cm0.o
START GROUP
LOAD c:/program files (x86)/gnu tools arm embedded/5.4 2016q3/bin/../lib/gcc/arm-none-eabi/5.4.1/armv6-m\libgcc.a
LOAD c:/program files (x86)/gnu tools arm embedded/5.4 2016q3/bin/../lib/gcc/arm-none-eabi/5.4.1/../../../../arm-none-eabi/lib/armv6-m\libg.a
LOAD c:/program files (x86)/gnu tools arm embedded/5.4 2016q3/bin/../lib/gcc/arm-none-eabi/5.4.1/../../../../arm-none-eabi/lib/armv6-m\libc.a
END GROUP
OUTPUT(ta_kel30.elf elf32-littlearm)

.debug_info     0x00000000     0x9dc0
 .debug_info    0x00000000      0x333 ..\obj\Init.o
 .debug_info    0x00000333      0x1a9 ..\obj\ScanKey.o
 .debug_info    0x000004dc     0x2659 ..\obj\DrvADC.o
 .debug_info    0x00002b35     0x254c ..\obj\DrvSYS.o
 .debug_info    0x00005081      0x103 ..\obj\startup_NUC1xx.o
 .debug_info    0x00005184       0x4a ..\obj\Ascii_Table.o
 .debug_info    0x000051ce      0x129 ..\obj\Seven_Segment.o
 .debug_info    0x000052f7     0x1c4f ..\obj\LCD_Driver.o
 .debug_info    0x00006f46      0x8fa ..\obj\system_NUC1xx.o
 .debug_info    0x00007840     0x2198 ..\obj\DrvGPIO.o
 .debug_info    0x000099d8      0x3e8 ..\obj\main.o

.debug_abbrev   0x00000000     0x110a
 .debug_abbrev  0x00000000       0x56 ..\obj\Init.o
 .debug_abbrev  0x00000056       0xcd ..\obj\ScanKey.o
 .debug_abbrev  0x00000123      0x320 ..\obj\DrvADC.o
 .debug_abbrev  0x00000443      0x31a ..\obj\DrvSYS.o
 .debug_abbrev  0x0000075d       0xa7 ..\obj\startup_NUC1xx.o
 .debug_abbrev  0x00000804       0x3c ..\obj\Ascii_Table.o
 .debug_abbrev  0x00000840       0xd3 ..\obj\Seven_Segment.o
 .debug_abbrev  0x00000913      0x201 ..\obj\LCD_Driver.o
 .debug_abbrev  0x00000b14      0x10e ..\obj\system_NUC1xx.o
 .debug_abbrev  0x00000c22      0x2fc ..\obj\DrvGPIO.o
 .debug_abbrev  0x00000f1e      0x1ec ..\obj\main.o

.debug_aranges  0x00000000      0x158
 .debug_aranges
                0x00000000       0x20 ..\obj\Init.o
 .debug_aranges
                0x00000020       0x20 ..\obj\ScanKey.o
 .debug_aranges
                0x00000040       0x20 ..\obj\DrvADC.o
 .debug_aranges
                0x00000060       0x20 ..\obj\DrvSYS.o
 .debug_aranges
                0x00000080       0x20 ..\obj\startup_NUC1xx.o
 .debug_aranges
                0x000000a0       0x18 ..\obj\Ascii_Table.o
 .debug_aranges
                0x000000b8       0x20 ..\obj\Seven_Segment.o
 .debug_aranges
                0x000000d8       0x20 ..\obj\LCD_Driver.o
 .debug_aranges
                0x000000f8       0x20 ..\obj\system_NUC1xx.o
 .debug_aranges
                0x00000118       0x20 ..\obj\DrvGPIO.o
 .debug_aranges
                0x00000138       0x20 ..\obj\main.o

.debug_line     0x00000000     0x199e
 .debug_line    0x00000000       0xd9 ..\obj\Init.o
 .debug_line    0x000000d9      0x1ee ..\obj\ScanKey.o
 .debug_line    0x000002c7      0x372 ..\obj\DrvADC.o
 .debug_line    0x00000639      0x49b ..\obj\DrvSYS.o
 .debug_line    0x00000ad4       0x8e ..\obj\startup_NUC1xx.o
 .debug_line    0x00000b62       0x67 ..\obj\Ascii_Table.o
 .debug_line    0x00000bc9       0xdb ..\obj\Seven_Segment.o
 .debug_line    0x00000ca4      0x2e7 ..\obj\LCD_Driver.o
 .debug_line    0x00000f8b      0x16a ..\obj\system_NUC1xx.o
 .debug_line    0x000010f5      0x4f3 ..\obj\DrvGPIO.o
 .debug_line    0x000015e8      0x3b6 ..\obj\main.o

.debug_str      0x00000000     0x36ab
 .debug_str     0x00000000      0x5c6 ..\obj\Init.o
                                0x5ff (size before relaxing)
 .debug_str     0x000005c6       0xb6 ..\obj\ScanKey.o
                                0x208 (size before relaxing)
 .debug_str     0x0000067c     0x18c6 ..\obj\DrvADC.o
                               0x1ce4 (size before relaxing)
 .debug_str     0x00001f42      0xb43 ..\obj\DrvSYS.o
                               0x20ed (size before relaxing)
 .debug_str     0x00002a85       0xb1 ..\obj\startup_NUC1xx.o
                                0x135 (size before relaxing)
 .debug_str     0x00002b36       0xb6 ..\obj\Ascii_Table.o
                                 0xcd (size before relaxing)
 .debug_str     0x00002bec       0x7f ..\obj\Seven_Segment.o
                                0x1dc (size before relaxing)
 .debug_str     0x00002c6b      0x24a ..\obj\LCD_Driver.o
                                0xd36 (size before relaxing)
 .debug_str     0x00002eb5       0x9a ..\obj\system_NUC1xx.o
                                0x4e6 (size before relaxing)
 .debug_str     0x00002f4f      0x5c1 ..\obj\DrvGPIO.o
                               0x1cc3 (size before relaxing)
 .debug_str     0x00003510      0x19b ..\obj\main.o
                                0x2d9 (size before relaxing)

.comment        0x00000000       0x6e
 .comment       0x00000000       0x6e ..\obj\Init.o
                                 0x6f (size before relaxing)
 .comment       0x0000006e       0x6f ..\obj\ScanKey.o
 .comment       0x0000006e       0x6f ..\obj\DrvADC.o
 .comment       0x0000006e       0x6f ..\obj\DrvSYS.o
 .comment       0x0000006e       0x6f ..\obj\startup_NUC1xx.o
 .comment       0x0000006e       0x6f ..\obj\Ascii_Table.o
 .comment       0x0000006e       0x6f ..\obj\Seven_Segment.o
 .comment       0x0000006e       0x6f ..\obj\LCD_Driver.o
 .comment       0x0000006e       0x6f ..\obj\system_NUC1xx.o
 .comment       0x0000006e       0x6f ..\obj\DrvGPIO.o
 .comment       0x0000006e       0x6f ..\obj\main.o

.ARM.attributes
                0x00000000       0x31
 .ARM.attributes
                0x00000000       0x31 ..\obj\Init.o
 .ARM.attributes
                0x00000031       0x31 ..\obj\ScanKey.o
 .ARM.attributes
                0x00000062       0x31 ..\obj\DrvADC.o
 .ARM.attributes
                0x00000093       0x31 ..\obj\DrvSYS.o
 .ARM.attributes
                0x000000c4       0x31 ..\obj\startup_NUC1xx.o
 .ARM.attributes
                0x000000f5       0x31 ..\obj\Ascii_Table.o
 .ARM.attributes
                0x00000126       0x31 ..\obj\Seven_Segment.o
 .ARM.attributes
                0x00000157       0x31 ..\obj\LCD_Driver.o
 .ARM.attributes
                0x00000188       0x31 ..\obj\system_NUC1xx.o
 .ARM.attributes
                0x000001b9       0x31 ..\obj\DrvGPIO.o
 .ARM.attributes
                0x000001ea       0x31 ..\obj\main.o
 .ARM.attributes
                0x0000021b       0x1e c:/program files (x86)/gnu tools arm embedded/5.4 2016q3/bin/../lib/gcc/arm-none-eabi/5.4.1/armv6-m\libgcc.a(_udivsi3.o)
 .ARM.attributes
                0x00000239       0x1e c:/program files (x86)/gnu tools arm embedded/5.4 2016q3/bin/../lib/gcc/arm-none-eabi/5.4.1/armv6-m\libgcc.a(_dvmd_tls.o)
 .ARM.attributes
                0x00000257       0x2c c:/program files (x86)/gnu tools arm embedded/5.4 2016q3/bin/../lib/gcc/arm-none-eabi/5.4.1/armv6-m\libgcc.a(divsf3.o)
 .ARM.attributes
                0x00000283       0x2c c:/program files (x86)/gnu tools arm embedded/5.4 2016q3/bin/../lib/gcc/arm-none-eabi/5.4.1/armv6-m\libgcc.a(mulsf3.o)
 .ARM.attributes
                0x000002af       0x2c c:/program files (x86)/gnu tools arm embedded/5.4 2016q3/bin/../lib/gcc/arm-none-eabi/5.4.1/armv6-m\libgcc.a(fixsfsi.o)
 .ARM.attributes
                0x000002db       0x2c c:/program files (x86)/gnu tools arm embedded/5.4 2016q3/bin/../lib/gcc/arm-none-eabi/5.4.1/armv6-m\libgcc.a(floatunsisf.o)
 .ARM.attributes
                0x00000307       0x1e c:/program files (x86)/gnu tools arm embedded/5.4 2016q3/bin/../lib/gcc/arm-none-eabi/5.4.1/armv6-m\libgcc.a(_clzsi2.o)
 .ARM.attributes
                0x00000325       0x2c c:/program files (x86)/gnu tools arm embedded/5.4 2016q3/bin/../lib/gcc/arm-none-eabi/5.4.1/../../../../arm-none-eabi/lib/armv6-m\libg.a(lib_a-memcpy-stub.o)

.debug_frame    0x00000000     0x161c
 .debug_frame   0x00000000       0xd8 ..\obj\Init.o
 .debug_frame   0x000000d8       0x90 ..\obj\ScanKey.o
 .debug_frame   0x00000168      0x498 ..\obj\DrvADC.o
 .debug_frame   0x00000600      0x5dc ..\obj\DrvSYS.o
 .debug_frame   0x00000bdc       0x4c ..\obj\startup_NUC1xx.o
 .debug_frame   0x00000c28       0x4c ..\obj\Seven_Segment.o
 .debug_frame   0x00000c74      0x108 ..\obj\LCD_Driver.o
 .debug_frame   0x00000d7c       0x4c ..\obj\system_NUC1xx.o
 .debug_frame   0x00000dc8      0x4c4 ..\obj\DrvGPIO.o
 .debug_frame   0x0000128c      0x284 ..\obj\main.o
 .debug_frame   0x00001510       0x20 c:/program files (x86)/gnu tools arm embedded/5.4 2016q3/bin/../lib/gcc/arm-none-eabi/5.4.1/armv6-m\libgcc.a(_udivsi3.o)
 .debug_frame   0x00001530       0x3c c:/program files (x86)/gnu tools arm embedded/5.4 2016q3/bin/../lib/gcc/arm-none-eabi/5.4.1/armv6-m\libgcc.a(divsf3.o)
 .debug_frame   0x0000156c       0x38 c:/program files (x86)/gnu tools arm embedded/5.4 2016q3/bin/../lib/gcc/arm-none-eabi/5.4.1/armv6-m\libgcc.a(mulsf3.o)
 .debug_frame   0x000015a4       0x20 c:/program files (x86)/gnu tools arm embedded/5.4 2016q3/bin/../lib/gcc/arm-none-eabi/5.4.1/armv6-m\libgcc.a(fixsfsi.o)
 .debug_frame   0x000015c4       0x2c c:/program files (x86)/gnu tools arm embedded/5.4 2016q3/bin/../lib/gcc/arm-none-eabi/5.4.1/armv6-m\libgcc.a(floatunsisf.o)
 .debug_frame   0x000015f0       0x2c c:/program files (x86)/gnu tools arm embedded/5.4 2016q3/bin/../lib/gcc/arm-none-eabi/5.4.1/../../../../arm-none-eabi/lib/armv6-m\libg.a(lib_a-memcpy-stub.o)
